[2026-07-28T03:16:32.425+0000] {local_task_job_runner.py:123} INFO - ::group::Pre task execution logs
[2026-07-28T03:16:32.537+0000] {taskinstance.py:2612} INFO - Dependencies all met for dep_context=non-requeueable deps ti=<TaskInstance: etl_pipeline.analytics_pipeline scheduled__2026-07-27T00:00:00+00:00 [queued]>
[2026-07-28T03:16:32.582+0000] {taskinstance.py:2612} INFO - Dependencies all met for dep_context=requeueable deps ti=<TaskInstance: etl_pipeline.analytics_pipeline scheduled__2026-07-27T00:00:00+00:00 [queued]>
[2026-07-28T03:16:32.584+0000] {taskinstance.py:2865} INFO - Starting attempt 1 of 2
[2026-07-28T03:16:32.646+0000] {taskinstance.py:2888} INFO - Executing <Task(PythonOperator): analytics_pipeline> on 2026-07-27 00:00:00+00:00
[2026-07-28T03:16:32.697+0000] {standard_task_runner.py:104} INFO - Running: ['***', 'tasks', 'run', 'etl_pipeline', 'analytics_pipeline', 'scheduled__2026-07-27T00:00:00+00:00', '--job-id', '18', '--raw', '--subdir', 'DAGS_FOLDER/etl_pipeline_dag.py', '--cfg-path', '/tmp/tmp9pt0qeeu']
[2026-07-28T03:16:32.709+0000] {standard_task_runner.py:105} INFO - Job 18: Subtask analytics_pipeline
[2026-07-28T03:16:32.717+0000] {logging_mixin.py:190} WARNING - /home/***/.local/lib/python3.12/site-packages/***/task/task_runner/standard_task_runner.py:70 DeprecationWarning: This process (pid=268) is multi-threaded, use of fork() may lead to deadlocks in the child.
[2026-07-28T03:16:32.727+0000] {standard_task_runner.py:72} INFO - Started process 270 to run task
[2026-07-28T03:16:33.088+0000] {task_command.py:467} INFO - Running <TaskInstance: etl_pipeline.analytics_pipeline scheduled__2026-07-27T00:00:00+00:00 [running]> on host 0108fe196489
[2026-07-28T03:16:33.644+0000] {taskinstance.py:3131} INFO - Exporting env vars: AIRFLOW_CTX_DAG_OWNER='ForecastLab' AIRFLOW_CTX_DAG_ID='etl_pipeline' AIRFLOW_CTX_TASK_ID='analytics_pipeline' AIRFLOW_CTX_EXECUTION_DATE='2026-07-27T00:00:00+00:00' AIRFLOW_CTX_TRY_NUMBER='1' AIRFLOW_CTX_DAG_RUN_ID='scheduled__2026-07-27T00:00:00+00:00'
[2026-07-28T03:16:33.653+0000] {taskinstance.py:731} INFO - ::endgroup::
[2026-07-28T03:16:33.712+0000] {logging_mixin.py:190} INFO - 2026-07-28 03:16:33.710 | INFO     | scripts.***_tasks:task_analytics_pipeline:54 - Airflow : Analytics Pipeline
[2026-07-28T03:16:33.715+0000] {logging_mixin.py:190} INFO - 2026-07-28 03:16:33.714 | INFO     | scripts.load:read_dataframe:68 - Reading data from raw.sales
[2026-07-28T03:16:41.450+0000] {logging_mixin.py:190} INFO - 2026-07-28 03:16:41.449 | SUCCESS  | scripts.load:read_dataframe:76 - 190757 rows read from raw.sales
[2026-07-28T03:16:41.453+0000] {logging_mixin.py:190} INFO - 2026-07-28 03:16:41.452 | INFO     | scripts.clean:clean_data:25 - Starting data cleaning...
[2026-07-28T03:16:41.571+0000] {logging_mixin.py:190} INFO - 2026-07-28 03:16:41.570 | INFO     | scripts.clean:clean_data:32 - Date converted to datetime.
[2026-07-28T03:16:42.314+0000] {logging_mixin.py:190} INFO - 2026-07-28 03:16:42.313 | INFO     | scripts.clean:clean_data:42 - String columns cleaned.
[2026-07-28T03:16:42.321+0000] {logging_mixin.py:190} INFO - 2026-07-28 03:16:42.320 | INFO     | scripts.clean:clean_data:62 - 3 negative values fixed in 'stock_available'.
[2026-07-28T03:16:42.326+0000] {logging_mixin.py:190} INFO - 2026-07-28 03:16:42.325 | INFO     | scripts.clean:clean_data:62 - 3 negative values fixed in 'delivered_qty'.
[2026-07-28T03:16:42.330+0000] {logging_mixin.py:190} INFO - 2026-07-28 03:16:42.329 | INFO     | scripts.clean:clean_data:62 - 3 negative values fixed in 'units_sold'.
[2026-07-28T03:16:42.332+0000] {logging_mixin.py:190} INFO - 2026-07-28 03:16:42.332 | SUCCESS  | scripts.clean:clean_data:66 - Data cleaning completed.
[2026-07-28T03:16:42.335+0000] {logging_mixin.py:190} INFO - 2026-07-28 03:16:42.335 | INFO     | scripts.transform:transform_data:25 - Starting feature engineering...
[2026-07-28T03:16:42.479+0000] {logging_mixin.py:190} INFO - 2026-07-28 03:16:42.479 | SUCCESS  | scripts.transform:transform_data:65 - Feature engineering completed.
[2026-07-28T03:16:42.481+0000] {logging_mixin.py:190} INFO - 2026-07-28 03:16:42.481 | INFO     | scripts.load:load_dataframe:27 - Loading dataframe to analytics.sales
[2026-07-28T03:20:51.634+0000] {logging_mixin.py:190} INFO - 2026-07-28 03:20:51.633 | SUCCESS  | scripts.load:load_dataframe:41 - 190757 rows loaded into analytics.sales
[2026-07-28T03:20:51.637+0000] {logging_mixin.py:190} INFO - 2026-07-28 03:20:51.636 | INFO     | scripts.export:export_dataset:25 - Exporting analytics dataset...
[2026-07-28T03:21:04.448+0000] {logging_mixin.py:190} INFO - 2026-07-28 03:21:04.448 | SUCCESS  | scripts.export:export_dataset:41 - 190757 rows exported.
[2026-07-28T03:21:04.453+0000] {logging_mixin.py:190} INFO - 2026-07-28 03:21:04.453 | SUCCESS  | scripts.export:export_dataset:43 - Dataset saved to output/forecasting_dataset.csv
[2026-07-28T03:21:04.678+0000] {python.py:240} INFO - Done. Returned value was: None
[2026-07-28T03:21:04.702+0000] {taskinstance.py:340} INFO - ::group::Post task execution logs
[2026-07-28T03:21:04.704+0000] {taskinstance.py:352} INFO - Marking task as SUCCESS. dag_id=etl_pipeline, task_id=analytics_pipeline, run_id=scheduled__2026-07-27T00:00:00+00:00, execution_date=20260727T000000, start_date=20260728T031632, end_date=20260728T032104
[2026-07-28T03:21:04.830+0000] {local_task_job_runner.py:266} INFO - Task exited with return code 0
[2026-07-28T03:21:04.875+0000] {taskinstance.py:3900} INFO - 0 downstream tasks scheduled from follow-on schedule check
[2026-07-28T03:21:04.879+0000] {local_task_job_runner.py:245} INFO - ::endgroup::
[2026-07-28T03:32:48.921+0000] {local_task_job_runner.py:123} INFO - ::group::Pre task execution logs
[2026-07-28T03:32:48.954+0000] {taskinstance.py:2612} INFO - Dependencies all met for dep_context=non-requeueable deps ti=<TaskInstance: etl_pipeline.analytics_pipeline scheduled__2026-07-27T00:00:00+00:00 [queued]>
[2026-07-28T03:32:48.969+0000] {taskinstance.py:2612} INFO - Dependencies all met for dep_context=requeueable deps ti=<TaskInstance: etl_pipeline.analytics_pipeline scheduled__2026-07-27T00:00:00+00:00 [queued]>
[2026-07-28T03:32:48.970+0000] {taskinstance.py:2865} INFO - Starting attempt 1 of 2
[2026-07-28T03:32:48.992+0000] {taskinstance.py:2888} INFO - Executing <Task(PythonOperator): analytics_pipeline> on 2026-07-27 00:00:00+00:00
[2026-07-28T03:32:49.014+0000] {logging_mixin.py:190} WARNING - /home/***/.local/lib/python3.12/site-packages/***/task/task_runner/standard_task_runner.py:70 DeprecationWarning: This process (pid=202) is multi-threaded, use of fork() may lead to deadlocks in the child.
[2026-07-28T03:32:49.010+0000] {standard_task_runner.py:104} INFO - Running: ['***', 'tasks', 'run', 'etl_pipeline', 'analytics_pipeline', 'scheduled__2026-07-27T00:00:00+00:00', '--job-id', '5', '--raw', '--subdir', 'DAGS_FOLDER/etl_pipeline_dag.py', '--cfg-path', '/tmp/tmpgbbqvacg']
[2026-07-28T03:32:49.016+0000] {standard_task_runner.py:72} INFO - Started process 205 to run task
[2026-07-28T03:32:49.016+0000] {standard_task_runner.py:105} INFO - Job 5: Subtask analytics_pipeline
[2026-07-28T03:32:49.147+0000] {task_command.py:467} INFO - Running <TaskInstance: etl_pipeline.analytics_pipeline scheduled__2026-07-27T00:00:00+00:00 [running]> on host 1a8d21ac42c7
[2026-07-28T03:32:49.320+0000] {taskinstance.py:3131} INFO - Exporting env vars: AIRFLOW_CTX_DAG_OWNER='ForecastLab' AIRFLOW_CTX_DAG_ID='etl_pipeline' AIRFLOW_CTX_TASK_ID='analytics_pipeline' AIRFLOW_CTX_EXECUTION_DATE='2026-07-27T00:00:00+00:00' AIRFLOW_CTX_TRY_NUMBER='1' AIRFLOW_CTX_DAG_RUN_ID='scheduled__2026-07-27T00:00:00+00:00'
[2026-07-28T03:32:49.323+0000] {taskinstance.py:731} INFO - ::endgroup::
[2026-07-28T03:32:49.349+0000] {logging_mixin.py:190} INFO - 2026-07-28 03:32:49.348 | INFO     | scripts.***_tasks:task_analytics_pipeline:54 - Airflow : Analytics Pipeline
[2026-07-28T03:32:49.351+0000] {logging_mixin.py:190} INFO - 2026-07-28 03:32:49.351 | INFO     | scripts.load:read_dataframe:68 - Reading data from raw.sales
[2026-07-28T03:32:55.116+0000] {logging_mixin.py:190} INFO - 2026-07-28 03:32:55.116 | SUCCESS  | scripts.load:read_dataframe:76 - 190757 rows read from raw.sales
[2026-07-28T03:32:55.119+0000] {logging_mixin.py:190} INFO - 2026-07-28 03:32:55.118 | INFO     | scripts.clean:clean_data:25 - Starting data cleaning...
[2026-07-28T03:32:55.199+0000] {logging_mixin.py:190} INFO - 2026-07-28 03:32:55.199 | INFO     | scripts.clean:clean_data:32 - Date converted to datetime.
[2026-07-28T03:32:55.782+0000] {logging_mixin.py:190} INFO - 2026-07-28 03:32:55.782 | INFO     | scripts.clean:clean_data:42 - String columns cleaned.
[2026-07-28T03:32:55.788+0000] {logging_mixin.py:190} INFO - 2026-07-28 03:32:55.787 | INFO     | scripts.clean:clean_data:62 - 3 negative values fixed in 'stock_available'.
[2026-07-28T03:32:55.792+0000] {logging_mixin.py:190} INFO - 2026-07-28 03:32:55.792 | INFO     | scripts.clean:clean_data:62 - 3 negative values fixed in 'delivered_qty'.
[2026-07-28T03:32:55.796+0000] {logging_mixin.py:190} INFO - 2026-07-28 03:32:55.796 | INFO     | scripts.clean:clean_data:62 - 3 negative values fixed in 'units_sold'.
[2026-07-28T03:32:55.798+0000] {logging_mixin.py:190} INFO - 2026-07-28 03:32:55.798 | SUCCESS  | scripts.clean:clean_data:66 - Data cleaning completed.
[2026-07-28T03:32:55.800+0000] {logging_mixin.py:190} INFO - 2026-07-28 03:32:55.800 | INFO     | scripts.transform:transform_data:25 - Starting feature engineering...
[2026-07-28T03:32:55.909+0000] {logging_mixin.py:190} INFO - 2026-07-28 03:32:55.909 | SUCCESS  | scripts.transform:transform_data:65 - Feature engineering completed.
[2026-07-28T03:32:55.911+0000] {logging_mixin.py:190} INFO - 2026-07-28 03:32:55.911 | INFO     | scripts.load:load_dataframe:27 - Loading dataframe to analytics.sales
[2026-07-28T03:35:06.392+0000] {logging_mixin.py:190} INFO - 2026-07-28 03:35:06.392 | SUCCESS  | scripts.load:load_dataframe:41 - 190757 rows loaded into analytics.sales
[2026-07-28T03:35:06.394+0000] {logging_mixin.py:190} INFO - 2026-07-28 03:35:06.394 | INFO     | scripts.export:export_dataset:25 - Exporting analytics dataset...
[2026-07-28T03:35:17.080+0000] {logging_mixin.py:190} INFO - 2026-07-28 03:35:17.079 | SUCCESS  | scripts.export:export_dataset:41 - 190757 rows exported.
[2026-07-28T03:35:17.082+0000] {logging_mixin.py:190} INFO - 2026-07-28 03:35:17.081 | SUCCESS  | scripts.export:export_dataset:43 - Dataset saved to output/forecasting_dataset.csv
[2026-07-28T03:35:17.236+0000] {python.py:240} INFO - Done. Returned value was: None
[2026-07-28T03:35:17.259+0000] {taskinstance.py:340} INFO - ::group::Post task execution logs
[2026-07-28T03:35:17.260+0000] {taskinstance.py:352} INFO - Marking task as SUCCESS. dag_id=etl_pipeline, task_id=analytics_pipeline, run_id=scheduled__2026-07-27T00:00:00+00:00, execution_date=20260727T000000, start_date=20260728T033248, end_date=20260728T033517
[2026-07-28T03:35:17.396+0000] {local_task_job_runner.py:266} INFO - Task exited with return code 0
[2026-07-28T03:35:17.457+0000] {taskinstance.py:3900} INFO - 0 downstream tasks scheduled from follow-on schedule check
[2026-07-28T03:35:17.463+0000] {local_task_job_runner.py:245} INFO - ::endgroup::
