[2026-07-28T03:13:41.805+0000] {local_task_job_runner.py:123} INFO - ::group::Pre task execution logs
[2026-07-28T03:13:41.835+0000] {taskinstance.py:2612} INFO - Dependencies all met for dep_context=non-requeueable deps ti=<TaskInstance: etl_pipeline.extract_load_raw manual__2026-07-28T02:35:01.505315+00:00 [queued]>
[2026-07-28T03:13:41.850+0000] {taskinstance.py:2612} INFO - Dependencies all met for dep_context=requeueable deps ti=<TaskInstance: etl_pipeline.extract_load_raw manual__2026-07-28T02:35:01.505315+00:00 [queued]>
[2026-07-28T03:13:41.852+0000] {taskinstance.py:2865} INFO - Starting attempt 3 of 4
[2026-07-28T03:13:41.874+0000] {taskinstance.py:2888} INFO - Executing <Task(PythonOperator): extract_load_raw> on 2026-07-28 02:35:01.505315+00:00
[2026-07-28T03:13:41.891+0000] {standard_task_runner.py:104} INFO - Running: ['***', 'tasks', 'run', 'etl_pipeline', 'extract_load_raw', 'manual__2026-07-28T02:35:01.505315+00:00', '--job-id', '13', '--raw', '--subdir', 'DAGS_FOLDER/etl_pipeline_dag.py', '--cfg-path', '/tmp/tmpwn7wrwq5']
[2026-07-28T03:13:41.896+0000] {standard_task_runner.py:105} INFO - Job 13: Subtask extract_load_raw
[2026-07-28T03:13:41.899+0000] {logging_mixin.py:190} WARNING - /home/***/.local/lib/python3.12/site-packages/***/task/task_runner/standard_task_runner.py:70 DeprecationWarning: This process (pid=218) is multi-threaded, use of fork() may lead to deadlocks in the child.
[2026-07-28T03:13:41.900+0000] {standard_task_runner.py:72} INFO - Started process 220 to run task
[2026-07-28T03:13:42.033+0000] {task_command.py:467} INFO - Running <TaskInstance: etl_pipeline.extract_load_raw manual__2026-07-28T02:35:01.505315+00:00 [running]> on host 0108fe196489
[2026-07-28T03:13:42.202+0000] {taskinstance.py:3131} INFO - Exporting env vars: AIRFLOW_CTX_DAG_OWNER='ForecastLab' AIRFLOW_CTX_DAG_ID='etl_pipeline' AIRFLOW_CTX_TASK_ID='extract_load_raw' AIRFLOW_CTX_EXECUTION_DATE='2026-07-28T02:35:01.505315+00:00' AIRFLOW_CTX_TRY_NUMBER='3' AIRFLOW_CTX_DAG_RUN_ID='manual__2026-07-28T02:35:01.505315+00:00'
[2026-07-28T03:13:42.204+0000] {taskinstance.py:731} INFO - ::endgroup::
[2026-07-28T03:13:42.258+0000] {logging_mixin.py:190} INFO - 2026-07-28 03:13:42.257 | INFO     | scripts.***_tasks:task_extract_load_raw:22 - Airflow : Extract + Load Raw
[2026-07-28T03:13:42.260+0000] {logging_mixin.py:190} INFO - 2026-07-28 03:13:42.260 | INFO     | scripts.extract:extract_data:32 - Reading dataset: /opt/***/project/data/FMCG_2022_2024.csv
[2026-07-28T03:13:42.995+0000] {logging_mixin.py:190} INFO - 2026-07-28 03:13:42.995 | SUCCESS  | scripts.extract:extract_data:41 - 190757 rows extracted.
[2026-07-28T03:13:42.997+0000] {logging_mixin.py:190} INFO - 2026-07-28 03:13:42.997 | INFO     | scripts.load:load_dataframe:27 - Loading dataframe to raw.sales
[2026-07-28T03:15:01.285+0000] {logging_mixin.py:190} INFO - 2026-07-28 03:15:01.285 | SUCCESS  | scripts.load:load_dataframe:41 - 190757 rows loaded into raw.sales
[2026-07-28T03:15:01.292+0000] {python.py:240} INFO - Done. Returned value was: None
[2026-07-28T03:15:01.311+0000] {taskinstance.py:340} INFO - ::group::Post task execution logs
[2026-07-28T03:15:01.313+0000] {taskinstance.py:352} INFO - Marking task as SUCCESS. dag_id=etl_pipeline, task_id=extract_load_raw, run_id=manual__2026-07-28T02:35:01.505315+00:00, execution_date=20260728T023501, start_date=20260728T031341, end_date=20260728T031501
[2026-07-28T03:15:01.400+0000] {local_task_job_runner.py:266} INFO - Task exited with return code 0
[2026-07-28T03:15:01.448+0000] {taskinstance.py:3900} INFO - 1 downstream tasks scheduled from follow-on schedule check
[2026-07-28T03:15:01.453+0000] {local_task_job_runner.py:245} INFO - ::endgroup::
