[2026-07-28T03:22:36.042+0000] {local_task_job_runner.py:123} INFO - ::group::Pre task execution logs
[2026-07-28T03:22:36.086+0000] {taskinstance.py:2612} INFO - Dependencies all met for dep_context=non-requeueable deps ti=<TaskInstance: etl_pipeline.extract_load_raw manual__2026-07-28T02:35:01.505315+00:00 [queued]>
[2026-07-28T03:22:36.106+0000] {taskinstance.py:2612} INFO - Dependencies all met for dep_context=requeueable deps ti=<TaskInstance: etl_pipeline.extract_load_raw manual__2026-07-28T02:35:01.505315+00:00 [queued]>
[2026-07-28T03:22:36.107+0000] {taskinstance.py:2865} INFO - Starting attempt 4 of 5
[2026-07-28T03:22:36.132+0000] {taskinstance.py:2888} INFO - Executing <Task(PythonOperator): extract_load_raw> on 2026-07-28 02:35:01.505315+00:00
[2026-07-28T03:22:36.153+0000] {standard_task_runner.py:104} INFO - Running: ['***', 'tasks', 'run', 'etl_pipeline', 'extract_load_raw', 'manual__2026-07-28T02:35:01.505315+00:00', '--job-id', '20', '--raw', '--subdir', 'DAGS_FOLDER/etl_pipeline_dag.py', '--cfg-path', '/tmp/tmpcum425mq']
[2026-07-28T03:22:36.159+0000] {logging_mixin.py:190} WARNING - /home/***/.local/lib/python3.12/site-packages/***/task/task_runner/standard_task_runner.py:70 DeprecationWarning: This process (pid=342) is multi-threaded, use of fork() may lead to deadlocks in the child.
[2026-07-28T03:22:36.160+0000] {standard_task_runner.py:105} INFO - Job 20: Subtask extract_load_raw
[2026-07-28T03:22:36.161+0000] {standard_task_runner.py:72} INFO - Started process 344 to run task
[2026-07-28T03:22:36.289+0000] {task_command.py:467} INFO - Running <TaskInstance: etl_pipeline.extract_load_raw manual__2026-07-28T02:35:01.505315+00:00 [running]> on host 0108fe196489
[2026-07-28T03:22:36.463+0000] {taskinstance.py:3131} INFO - Exporting env vars: AIRFLOW_CTX_DAG_OWNER='ForecastLab' AIRFLOW_CTX_DAG_ID='etl_pipeline' AIRFLOW_CTX_TASK_ID='extract_load_raw' AIRFLOW_CTX_EXECUTION_DATE='2026-07-28T02:35:01.505315+00:00' AIRFLOW_CTX_TRY_NUMBER='4' AIRFLOW_CTX_DAG_RUN_ID='manual__2026-07-28T02:35:01.505315+00:00'
[2026-07-28T03:22:36.465+0000] {taskinstance.py:731} INFO - ::endgroup::
[2026-07-28T03:22:36.498+0000] {logging_mixin.py:190} INFO - 2026-07-28 03:22:36.497 | INFO     | scripts.***_tasks:task_extract_load_raw:22 - Airflow : Extract + Load Raw
[2026-07-28T03:22:36.501+0000] {logging_mixin.py:190} INFO - 2026-07-28 03:22:36.501 | INFO     | scripts.extract:extract_data:32 - Reading dataset: /opt/***/project/data/FMCG_2022_2024.csv
[2026-07-28T03:22:37.223+0000] {logging_mixin.py:190} INFO - 2026-07-28 03:22:37.222 | SUCCESS  | scripts.extract:extract_data:41 - 190757 rows extracted.
[2026-07-28T03:22:37.225+0000] {logging_mixin.py:190} INFO - 2026-07-28 03:22:37.224 | INFO     | scripts.load:load_dataframe:27 - Loading dataframe to raw.sales
[2026-07-28T03:23:37.060+0000] {local_task_job_runner.py:346} WARNING - State of this instance has been externally set to restarting. Terminating instance.
[2026-07-28T03:23:37.063+0000] {local_task_job_runner.py:245} INFO - ::endgroup::
[2026-07-28T03:23:37.070+0000] {process_utils.py:132} INFO - Sending 15 to group 344. PIDs of all processes in the group: [344]
[2026-07-28T03:23:37.072+0000] {process_utils.py:87} INFO - Sending the signal 15 to group 344
[2026-07-28T03:23:37.073+0000] {taskinstance.py:3092} ERROR - Received SIGTERM. Terminating subprocesses.
[2026-07-28T03:23:37.130+0000] {taskinstance.py:3310} ERROR - Task failed with exception
Traceback (most recent call last):
  File "/home/airflow/.local/lib/python3.12/site-packages/airflow/models/taskinstance.py", line 767, in _execute_task
    result = _execute_callable(context=context, **execute_callable_kwargs)
             ^^^^^^^^^^^^^^^^^^^^^^^^^^^^^^^^^^^^^^^^^^^^^^^^^^^^^^^^^^^^^
  File "/home/airflow/.local/lib/python3.12/site-packages/airflow/models/taskinstance.py", line 733, in _execute_callable
    return ExecutionCallableRunner(
           ^^^^^^^^^^^^^^^^^^^^^^^^
  File "/home/airflow/.local/lib/python3.12/site-packages/airflow/utils/operator_helpers.py", line 252, in run
    return self.func(*args, **kwargs)
           ^^^^^^^^^^^^^^^^^^^^^^^^^^
  File "/home/airflow/.local/lib/python3.12/site-packages/airflow/models/baseoperator.py", line 406, in wrapper
    return func(self, *args, **kwargs)
           ^^^^^^^^^^^^^^^^^^^^^^^^^^^
  File "/home/airflow/.local/lib/python3.12/site-packages/airflow/operators/python.py", line 238, in execute
    return_value = self.execute_callable()
                   ^^^^^^^^^^^^^^^^^^^^^^^
  File "/home/airflow/.local/lib/python3.12/site-packages/airflow/operators/python.py", line 256, in execute_callable
    return runner.run(*self.op_args, **self.op_kwargs)
           ^^^^^^^^^^^^^^^^^^^^^^^^^^^^^^^^^^^^^^^^^^^
  File "/home/airflow/.local/lib/python3.12/site-packages/airflow/utils/operator_helpers.py", line 252, in run
    return self.func(*args, **kwargs)
           ^^^^^^^^^^^^^^^^^^^^^^^^^^
  File "/opt/airflow/project/scripts/airflow_tasks.py", line 26, in task_extract_load_raw
    load_dataframe(
  File "/opt/airflow/project/scripts/load.py", line 31, in load_dataframe
    dataframe.to_sql(
  File "/home/airflow/.local/lib/python3.12/site-packages/pandas/util/_decorators.py", line 333, in wrapper
    return func(*args, **kwargs)
           ^^^^^^^^^^^^^^^^^^^^^
  File "/home/airflow/.local/lib/python3.12/site-packages/pandas/core/generic.py", line 3008, in to_sql
    return sql.to_sql(
           ^^^^^^^^^^^
  File "/home/airflow/.local/lib/python3.12/site-packages/pandas/io/sql.py", line 788, in to_sql
    return pandas_sql.to_sql(
           ^^^^^^^^^^^^^^^^^^
  File "/home/airflow/.local/lib/python3.12/site-packages/pandas/io/sql.py", line 1958, in to_sql
    total_inserted = sql_engine.insert_records(
                     ^^^^^^^^^^^^^^^^^^^^^^^^^^
  File "/home/airflow/.local/lib/python3.12/site-packages/pandas/io/sql.py", line 1498, in insert_records
    return table.insert(chunksize=chunksize, method=method)
           ^^^^^^^^^^^^^^^^^^^^^^^^^^^^^^^^^^^^^^^^^^^^^^^^
  File "/home/airflow/.local/lib/python3.12/site-packages/pandas/io/sql.py", line 1059, in insert
    num_inserted = exec_insert(conn, keys, chunk_iter)
                   ^^^^^^^^^^^^^^^^^^^^^^^^^^^^^^^^^^^
  File "/home/airflow/.local/lib/python3.12/site-packages/pandas/io/sql.py", line 967, in _execute_insert_multi
    result = conn.execute(stmt)
             ^^^^^^^^^^^^^^^^^^
  File "/home/airflow/.local/lib/python3.12/site-packages/sqlalchemy/engine/base.py", line 1385, in execute
    return meth(self, multiparams, params, _EMPTY_EXECUTION_OPTS)
           ^^^^^^^^^^^^^^^^^^^^^^^^^^^^^^^^^^^^^^^^^^^^^^^^^^^^^^
  File "/home/airflow/.local/lib/python3.12/site-packages/sqlalchemy/sql/elements.py", line 334, in _execute_on_connection
    return connection._execute_clauseelement(
           ^^^^^^^^^^^^^^^^^^^^^^^^^^^^^^^^^^
  File "/home/airflow/.local/lib/python3.12/site-packages/sqlalchemy/engine/base.py", line 1569, in _execute_clauseelement
    compiled_sql, extracted_params, cache_hit = elem._compile_w_cache(
                                                ^^^^^^^^^^^^^^^^^^^^^^
  File "/home/airflow/.local/lib/python3.12/site-packages/sqlalchemy/sql/elements.py", line 545, in _compile_w_cache
    compiled_sql = self._compiler(
                   ^^^^^^^^^^^^^^^
  File "/home/airflow/.local/lib/python3.12/site-packages/sqlalchemy/sql/elements.py", line 567, in _compiler
    return dialect.statement_compiler(dialect, self, **kw)
           ^^^^^^^^^^^^^^^^^^^^^^^^^^^^^^^^^^^^^^^^^^^^^^^
  File "/home/airflow/.local/lib/python3.12/site-packages/sqlalchemy/sql/compiler.py", line 809, in __init__
    Compiled.__init__(self, dialect, statement, **kwargs)
  File "/home/airflow/.local/lib/python3.12/site-packages/sqlalchemy/sql/compiler.py", line 464, in __init__
    self.string = self.process(self.statement, **compile_kwargs)
                  ^^^^^^^^^^^^^^^^^^^^^^^^^^^^^^^^^^^^^^^^^^^^^^
  File "/home/airflow/.local/lib/python3.12/site-packages/sqlalchemy/sql/compiler.py", line 499, in process
    return obj._compiler_dispatch(self, **kwargs)
           ^^^^^^^^^^^^^^^^^^^^^^^^^^^^^^^^^^^^^^
  File "/home/airflow/.local/lib/python3.12/site-packages/sqlalchemy/sql/visitors.py", line 82, in _compiler_dispatch
    return meth(self, **kw)
           ^^^^^^^^^^^^^^^^
  File "/home/airflow/.local/lib/python3.12/site-packages/sqlalchemy/sql/compiler.py", line 4015, in visit_insert
    crud_params = crud._get_crud_params(
                  ^^^^^^^^^^^^^^^^^^^^^^
  File "/home/airflow/.local/lib/python3.12/site-packages/sqlalchemy/sql/crud.py", line 178, in _get_crud_params
    values = _extend_values_for_multiparams(
             ^^^^^^^^^^^^^^^^^^^^^^^^^^^^^^^
  File "/home/airflow/.local/lib/python3.12/site-packages/sqlalchemy/sql/crud.py", line 961, in _extend_values_for_multiparams
    new_param = _create_bind_param(
                ^^^^^^^^^^^^^^^^^^^
  File "/home/airflow/.local/lib/python3.12/site-packages/sqlalchemy/sql/crud.py", line 216, in _create_bind_param
    bindparam = bindparam._compiler_dispatch(compiler, **kw)
                ^^^^^^^^^^^^^^^^^^^^^^^^^^^^^^^^^^^^^^^^^^^^
  File "/home/airflow/.local/lib/python3.12/site-packages/sqlalchemy/sql/visitors.py", line 82, in _compiler_dispatch
    return meth(self, **kw)
           ^^^^^^^^^^^^^^^^
  File "/home/airflow/.local/lib/python3.12/site-packages/sqlalchemy/sql/compiler.py", line 2600, in visit_bindparam
    ret = self.bindparam_string(
          ^^^^^^^^^^^^^^^^^^^^^^
  File "/home/airflow/.local/lib/python3.12/site-packages/airflow/models/taskinstance.py", line 3094, in signal_handler
    raise AirflowTaskTerminated("Task received SIGTERM signal")
airflow.exceptions.AirflowTaskTerminated: Task received SIGTERM signal
[2026-07-28T03:23:37.165+0000] {taskinstance.py:1225} INFO - Marking task as UP_FOR_RETRY. dag_id=etl_pipeline, task_id=extract_load_raw, run_id=manual__2026-07-28T02:35:01.505315+00:00, execution_date=20260728T023501, start_date=20260728T032236, end_date=20260728T032337
[2026-07-28T03:23:37.193+0000] {taskinstance.py:340} INFO - ::group::Post task execution logs
[2026-07-28T03:23:37.287+0000] {process_utils.py:80} INFO - Process psutil.Process(pid=344, status='terminated', exitcode=2, started='03:22:35') (344) terminated with exit code 2
