[2026-07-28T03:22:26.632+0000] {local_task_job_runner.py:123} INFO - ::group::Pre task execution logs
[2026-07-28T03:22:26.672+0000] {taskinstance.py:2612} INFO - Dependencies all met for dep_context=non-requeueable deps ti=<TaskInstance: etl_pipeline.analytics_pipeline manual__2026-07-28T02:35:01.505315+00:00 [queued]>
[2026-07-28T03:22:26.690+0000] {taskinstance.py:2612} INFO - Dependencies all met for dep_context=requeueable deps ti=<TaskInstance: etl_pipeline.analytics_pipeline manual__2026-07-28T02:35:01.505315+00:00 [queued]>
[2026-07-28T03:22:26.691+0000] {taskinstance.py:2865} INFO - Starting attempt 2 of 3
[2026-07-28T03:22:26.714+0000] {taskinstance.py:2888} INFO - Executing <Task(PythonOperator): analytics_pipeline> on 2026-07-28 02:35:01.505315+00:00
[2026-07-28T03:22:26.739+0000] {standard_task_runner.py:104} INFO - Running: ['***', 'tasks', 'run', 'etl_pipeline', 'analytics_pipeline', 'manual__2026-07-28T02:35:01.505315+00:00', '--job-id', '19', '--raw', '--subdir', 'DAGS_FOLDER/etl_pipeline_dag.py', '--cfg-path', '/tmp/tmpmrhwna9r']
[2026-07-28T03:22:26.746+0000] {standard_task_runner.py:105} INFO - Job 19: Subtask analytics_pipeline
[2026-07-28T03:22:26.748+0000] {logging_mixin.py:190} WARNING - /home/***/.local/lib/python3.12/site-packages/***/task/task_runner/standard_task_runner.py:70 DeprecationWarning: This process (pid=338) is multi-threaded, use of fork() may lead to deadlocks in the child.
[2026-07-28T03:22:26.750+0000] {standard_task_runner.py:72} INFO - Started process 340 to run task
[2026-07-28T03:22:26.865+0000] {task_command.py:467} INFO - Running <TaskInstance: etl_pipeline.analytics_pipeline manual__2026-07-28T02:35:01.505315+00:00 [running]> on host 0108fe196489
[2026-07-28T03:22:27.029+0000] {taskinstance.py:3131} INFO - Exporting env vars: AIRFLOW_CTX_DAG_OWNER='ForecastLab' AIRFLOW_CTX_DAG_ID='etl_pipeline' AIRFLOW_CTX_TASK_ID='analytics_pipeline' AIRFLOW_CTX_EXECUTION_DATE='2026-07-28T02:35:01.505315+00:00' AIRFLOW_CTX_TRY_NUMBER='2' AIRFLOW_CTX_DAG_RUN_ID='manual__2026-07-28T02:35:01.505315+00:00'
[2026-07-28T03:22:27.032+0000] {taskinstance.py:731} INFO - ::endgroup::
[2026-07-28T03:22:27.062+0000] {logging_mixin.py:190} INFO - 2026-07-28 03:22:27.060 | INFO     | scripts.***_tasks:task_analytics_pipeline:54 - Airflow : Analytics Pipeline
[2026-07-28T03:22:27.064+0000] {logging_mixin.py:190} INFO - 2026-07-28 03:22:27.063 | INFO     | scripts.load:read_dataframe:68 - Reading data from raw.sales
[2026-07-28T03:22:33.460+0000] {logging_mixin.py:190} INFO - 2026-07-28 03:22:33.459 | SUCCESS  | scripts.load:read_dataframe:76 - 190757 rows read from raw.sales
[2026-07-28T03:22:33.462+0000] {logging_mixin.py:190} INFO - 2026-07-28 03:22:33.462 | INFO     | scripts.clean:clean_data:25 - Starting data cleaning...
[2026-07-28T03:22:33.555+0000] {logging_mixin.py:190} INFO - 2026-07-28 03:22:33.555 | INFO     | scripts.clean:clean_data:32 - Date converted to datetime.
[2026-07-28T03:22:34.312+0000] {logging_mixin.py:190} INFO - 2026-07-28 03:22:34.311 | INFO     | scripts.clean:clean_data:42 - String columns cleaned.
[2026-07-28T03:22:34.319+0000] {logging_mixin.py:190} INFO - 2026-07-28 03:22:34.319 | INFO     | scripts.clean:clean_data:62 - 3 negative values fixed in 'stock_available'.
[2026-07-28T03:22:34.323+0000] {logging_mixin.py:190} INFO - 2026-07-28 03:22:34.322 | INFO     | scripts.clean:clean_data:62 - 3 negative values fixed in 'delivered_qty'.
[2026-07-28T03:22:34.326+0000] {logging_mixin.py:190} INFO - 2026-07-28 03:22:34.326 | INFO     | scripts.clean:clean_data:62 - 3 negative values fixed in 'units_sold'.
[2026-07-28T03:22:34.328+0000] {logging_mixin.py:190} INFO - 2026-07-28 03:22:34.328 | SUCCESS  | scripts.clean:clean_data:66 - Data cleaning completed.
[2026-07-28T03:22:34.330+0000] {logging_mixin.py:190} INFO - 2026-07-28 03:22:34.329 | INFO     | scripts.transform:transform_data:25 - Starting feature engineering...
[2026-07-28T03:22:34.470+0000] {logging_mixin.py:190} INFO - 2026-07-28 03:22:34.469 | SUCCESS  | scripts.transform:transform_data:65 - Feature engineering completed.
[2026-07-28T03:22:34.472+0000] {logging_mixin.py:190} INFO - 2026-07-28 03:22:34.472 | INFO     | scripts.load:load_dataframe:27 - Loading dataframe to analytics.sales
[2026-07-28T03:22:41.980+0000] {local_task_job_runner.py:346} WARNING - State of this instance has been externally set to restarting. Terminating instance.
[2026-07-28T03:22:41.987+0000] {local_task_job_runner.py:245} INFO - ::endgroup::
[2026-07-28T03:22:41.995+0000] {process_utils.py:132} INFO - Sending 15 to group 340. PIDs of all processes in the group: [340]
[2026-07-28T03:22:41.996+0000] {process_utils.py:87} INFO - Sending the signal 15 to group 340
[2026-07-28T03:22:42.204+0000] {taskinstance.py:3092} ERROR - Received SIGTERM. Terminating subprocesses.
[2026-07-28T03:22:42.298+0000] {taskinstance.py:3310} ERROR - Task failed with exception
Traceback (most recent call last):
  File "/home/airflow/.local/lib/python3.12/site-packages/airflow/models/taskinstance.py", line 767, in _execute_task
    result = _execute_callable(context=context, **execute_callable_kwargs)
             ^^^^^^^^^^^^^^^^^^^^^^^^^^^^^^^^^^^^^^^^^^^^^^^^^^^^^^^^^^^^^
  File "/home/airflow/.local/lib/python3.12/site-packages/airflow/models/taskinstance.py", line 733, in _execute_callable
    return ExecutionCallableRunner(
           ^^^^^^^^^^^^^^^^^^^^^^^^
  File "/home/airflow/.local/lib/python3.12/site-packages/airflow/utils/operator_helpers.py", line 252, in run
    return self.func(*args, **kwargs)
           ^^^^^^^^^^^^^^^^^^^^^^^^^^
  File "/home/airflow/.local/lib/python3.12/site-packages/airflow/models/baseoperator.py", line 406, in wrapper
    return func(self, *args, **kwargs)
           ^^^^^^^^^^^^^^^^^^^^^^^^^^^
  File "/home/airflow/.local/lib/python3.12/site-packages/airflow/operators/python.py", line 238, in execute
    return_value = self.execute_callable()
                   ^^^^^^^^^^^^^^^^^^^^^^^
  File "/home/airflow/.local/lib/python3.12/site-packages/airflow/operators/python.py", line 256, in execute_callable
    return runner.run(*self.op_args, **self.op_kwargs)
           ^^^^^^^^^^^^^^^^^^^^^^^^^^^^^^^^^^^^^^^^^^^
  File "/home/airflow/.local/lib/python3.12/site-packages/airflow/utils/operator_helpers.py", line 252, in run
    return self.func(*args, **kwargs)
           ^^^^^^^^^^^^^^^^^^^^^^^^^^
  File "/opt/airflow/project/scripts/airflow_tasks.py", line 65, in task_analytics_pipeline
    load_dataframe(
  File "/opt/airflow/project/scripts/load.py", line 31, in load_dataframe
    dataframe.to_sql(
  File "/home/airflow/.local/lib/python3.12/site-packages/pandas/util/_decorators.py", line 333, in wrapper
    return func(*args, **kwargs)
           ^^^^^^^^^^^^^^^^^^^^^
  File "/home/airflow/.local/lib/python3.12/site-packages/pandas/core/generic.py", line 3008, in to_sql
    return sql.to_sql(
           ^^^^^^^^^^^
  File "/home/airflow/.local/lib/python3.12/site-packages/pandas/io/sql.py", line 788, in to_sql
    return pandas_sql.to_sql(
           ^^^^^^^^^^^^^^^^^^
  File "/home/airflow/.local/lib/python3.12/site-packages/pandas/io/sql.py", line 1958, in to_sql
    total_inserted = sql_engine.insert_records(
                     ^^^^^^^^^^^^^^^^^^^^^^^^^^
  File "/home/airflow/.local/lib/python3.12/site-packages/pandas/io/sql.py", line 1498, in insert_records
    return table.insert(chunksize=chunksize, method=method)
           ^^^^^^^^^^^^^^^^^^^^^^^^^^^^^^^^^^^^^^^^^^^^^^^^
  File "/home/airflow/.local/lib/python3.12/site-packages/pandas/io/sql.py", line 1059, in insert
    num_inserted = exec_insert(conn, keys, chunk_iter)
                   ^^^^^^^^^^^^^^^^^^^^^^^^^^^^^^^^^^^
  File "/home/airflow/.local/lib/python3.12/site-packages/pandas/io/sql.py", line 967, in _execute_insert_multi
    result = conn.execute(stmt)
             ^^^^^^^^^^^^^^^^^^
  File "/home/airflow/.local/lib/python3.12/site-packages/sqlalchemy/engine/base.py", line 1385, in execute
    return meth(self, multiparams, params, _EMPTY_EXECUTION_OPTS)
           ^^^^^^^^^^^^^^^^^^^^^^^^^^^^^^^^^^^^^^^^^^^^^^^^^^^^^^
  File "/home/airflow/.local/lib/python3.12/site-packages/sqlalchemy/sql/elements.py", line 334, in _execute_on_connection
    return connection._execute_clauseelement(
           ^^^^^^^^^^^^^^^^^^^^^^^^^^^^^^^^^^
  File "/home/airflow/.local/lib/python3.12/site-packages/sqlalchemy/engine/base.py", line 1569, in _execute_clauseelement
    compiled_sql, extracted_params, cache_hit = elem._compile_w_cache(
                                                ^^^^^^^^^^^^^^^^^^^^^^
  File "/home/airflow/.local/lib/python3.12/site-packages/sqlalchemy/sql/elements.py", line 545, in _compile_w_cache
    compiled_sql = self._compiler(
                   ^^^^^^^^^^^^^^^
  File "/home/airflow/.local/lib/python3.12/site-packages/sqlalchemy/sql/elements.py", line 567, in _compiler
    return dialect.statement_compiler(dialect, self, **kw)
           ^^^^^^^^^^^^^^^^^^^^^^^^^^^^^^^^^^^^^^^^^^^^^^^
  File "/home/airflow/.local/lib/python3.12/site-packages/sqlalchemy/sql/compiler.py", line 809, in __init__
    Compiled.__init__(self, dialect, statement, **kwargs)
  File "/home/airflow/.local/lib/python3.12/site-packages/sqlalchemy/sql/compiler.py", line 464, in __init__
    self.string = self.process(self.statement, **compile_kwargs)
                  ^^^^^^^^^^^^^^^^^^^^^^^^^^^^^^^^^^^^^^^^^^^^^^
  File "/home/airflow/.local/lib/python3.12/site-packages/sqlalchemy/sql/compiler.py", line 499, in process
    return obj._compiler_dispatch(self, **kwargs)
           ^^^^^^^^^^^^^^^^^^^^^^^^^^^^^^^^^^^^^^
  File "/home/airflow/.local/lib/python3.12/site-packages/sqlalchemy/sql/visitors.py", line 82, in _compiler_dispatch
    return meth(self, **kw)
           ^^^^^^^^^^^^^^^^
  File "/home/airflow/.local/lib/python3.12/site-packages/sqlalchemy/sql/compiler.py", line 4015, in visit_insert
    crud_params = crud._get_crud_params(
                  ^^^^^^^^^^^^^^^^^^^^^^
  File "/home/airflow/.local/lib/python3.12/site-packages/sqlalchemy/sql/crud.py", line 178, in _get_crud_params
    values = _extend_values_for_multiparams(
             ^^^^^^^^^^^^^^^^^^^^^^^^^^^^^^^
  File "/home/airflow/.local/lib/python3.12/site-packages/sqlalchemy/sql/crud.py", line 961, in _extend_values_for_multiparams
    new_param = _create_bind_param(
                ^^^^^^^^^^^^^^^^^^^
  File "/home/airflow/.local/lib/python3.12/site-packages/sqlalchemy/sql/crud.py", line 216, in _create_bind_param
    bindparam = bindparam._compiler_dispatch(compiler, **kw)
                ^^^^^^^^^^^^^^^^^^^^^^^^^^^^^^^^^^^^^^^^^^^^
  File "/home/airflow/.local/lib/python3.12/site-packages/sqlalchemy/sql/visitors.py", line 82, in _compiler_dispatch
    return meth(self, **kw)
           ^^^^^^^^^^^^^^^^
  File "/home/airflow/.local/lib/python3.12/site-packages/sqlalchemy/sql/compiler.py", line 2533, in visit_bindparam
    name = self._truncate_bindparam(bindparam)
           ^^^^^^^^^^^^^^^^^^^^^^^^^^^^^^^^^^^
  File "/home/airflow/.local/lib/python3.12/site-packages/sqlalchemy/sql/compiler.py", line 2682, in _truncate_bindparam
    def _truncate_bindparam(self, bindparam):
    
  File "/home/airflow/.local/lib/python3.12/site-packages/airflow/models/taskinstance.py", line 3094, in signal_handler
    raise AirflowTaskTerminated("Task received SIGTERM signal")
airflow.exceptions.AirflowTaskTerminated: Task received SIGTERM signal
[2026-07-28T03:22:42.344+0000] {taskinstance.py:1225} INFO - Marking task as UP_FOR_RETRY. dag_id=etl_pipeline, task_id=analytics_pipeline, run_id=manual__2026-07-28T02:35:01.505315+00:00, execution_date=20260728T023501, start_date=20260728T032226, end_date=20260728T032242
[2026-07-28T03:22:42.370+0000] {taskinstance.py:340} INFO - ::group::Post task execution logs
[2026-07-28T03:22:42.493+0000] {process_utils.py:80} INFO - Process psutil.Process(pid=340, status='terminated', exitcode=2, started='03:22:26') (340) terminated with exit code 2
