[2026-07-28T03:13:51.386+0000] {local_task_job_runner.py:123} INFO - ::group::Pre task execution logs
[2026-07-28T03:13:51.427+0000] {taskinstance.py:2612} INFO - Dependencies all met for dep_context=non-requeueable deps ti=<TaskInstance: etl_pipeline.extract_load_raw scheduled__2026-07-27T00:00:00+00:00 [queued]>
[2026-07-28T03:13:51.445+0000] {taskinstance.py:2612} INFO - Dependencies all met for dep_context=requeueable deps ti=<TaskInstance: etl_pipeline.extract_load_raw scheduled__2026-07-27T00:00:00+00:00 [queued]>
[2026-07-28T03:13:51.447+0000] {taskinstance.py:2865} INFO - Starting attempt 3 of 4
[2026-07-28T03:13:51.476+0000] {taskinstance.py:2888} INFO - Executing <Task(PythonOperator): extract_load_raw> on 2026-07-27 00:00:00+00:00
[2026-07-28T03:13:51.501+0000] {standard_task_runner.py:104} INFO - Running: ['***', 'tasks', 'run', 'etl_pipeline', 'extract_load_raw', 'scheduled__2026-07-27T00:00:00+00:00', '--job-id', '14', '--raw', '--subdir', 'DAGS_FOLDER/etl_pipeline_dag.py', '--cfg-path', '/tmp/tmp3crfzfed']
[2026-07-28T03:13:51.508+0000] {logging_mixin.py:190} WARNING - /home/***/.local/lib/python3.12/site-packages/***/task/task_runner/standard_task_runner.py:70 DeprecationWarning: This process (pid=222) is multi-threaded, use of fork() may lead to deadlocks in the child.
[2026-07-28T03:13:51.509+0000] {standard_task_runner.py:105} INFO - Job 14: Subtask extract_load_raw
[2026-07-28T03:13:51.510+0000] {standard_task_runner.py:72} INFO - Started process 224 to run task
[2026-07-28T03:13:51.696+0000] {task_command.py:467} INFO - Running <TaskInstance: etl_pipeline.extract_load_raw scheduled__2026-07-27T00:00:00+00:00 [running]> on host 0108fe196489
[2026-07-28T03:13:51.950+0000] {taskinstance.py:3131} INFO - Exporting env vars: AIRFLOW_CTX_DAG_OWNER='ForecastLab' AIRFLOW_CTX_DAG_ID='etl_pipeline' AIRFLOW_CTX_TASK_ID='extract_load_raw' AIRFLOW_CTX_EXECUTION_DATE='2026-07-27T00:00:00+00:00' AIRFLOW_CTX_TRY_NUMBER='3' AIRFLOW_CTX_DAG_RUN_ID='scheduled__2026-07-27T00:00:00+00:00'
[2026-07-28T03:13:51.953+0000] {taskinstance.py:731} INFO - ::endgroup::
[2026-07-28T03:13:52.010+0000] {logging_mixin.py:190} INFO - 2026-07-28 03:13:52.007 | INFO     | scripts.***_tasks:task_extract_load_raw:22 - Airflow : Extract + Load Raw
[2026-07-28T03:13:52.013+0000] {logging_mixin.py:190} INFO - 2026-07-28 03:13:52.013 | INFO     | scripts.extract:extract_data:32 - Reading dataset: /opt/***/project/data/FMCG_2022_2024.csv
[2026-07-28T03:13:52.888+0000] {logging_mixin.py:190} INFO - 2026-07-28 03:13:52.888 | SUCCESS  | scripts.extract:extract_data:41 - 190757 rows extracted.
[2026-07-28T03:13:52.890+0000] {logging_mixin.py:190} INFO - 2026-07-28 03:13:52.890 | INFO     | scripts.load:load_dataframe:27 - Loading dataframe to raw.sales
[2026-07-28T03:16:15.536+0000] {logging_mixin.py:190} INFO - 2026-07-28 03:16:15.535 | SUCCESS  | scripts.load:load_dataframe:41 - 190757 rows loaded into raw.sales
[2026-07-28T03:16:15.562+0000] {python.py:240} INFO - Done. Returned value was: None
[2026-07-28T03:16:15.588+0000] {taskinstance.py:340} INFO - ::group::Post task execution logs
[2026-07-28T03:16:15.590+0000] {taskinstance.py:352} INFO - Marking task as SUCCESS. dag_id=etl_pipeline, task_id=extract_load_raw, run_id=scheduled__2026-07-27T00:00:00+00:00, execution_date=20260727T000000, start_date=20260728T031351, end_date=20260728T031615
[2026-07-28T03:16:15.700+0000] {local_task_job_runner.py:266} INFO - Task exited with return code 0
[2026-07-28T03:16:15.803+0000] {taskinstance.py:3900} INFO - 1 downstream tasks scheduled from follow-on schedule check
[2026-07-28T03:16:15.811+0000] {local_task_job_runner.py:245} INFO - ::endgroup::
